.git/config
.git/HEAD
.env
.env.local
.env.production
.svn/entries
.DS_Store
.well-known/security.txt
.well-known/openid-configuration
.well-known/oauth-authorization-server
swagger.json
swagger-ui.html
swagger/index.html
openapi.json
openapi.yaml
api-docs
v2/api-docs
v3/api-docs
graphql
graphiql
altair
playground
actuator
actuator/health
actuator/env
actuator/heapdump
actuator/mappings
metrics
debug/pprof
server-status
server-info
_status
status
health
healthz
livez
readyz
version
info
config.json
config.yaml
appsettings.json
web.config
wp-config.php.bak
backup
backup.zip
backup.sql
db.sql
dump.sql
database.sql
admin
administrator
admin/login
adminer.php
phpmyadmin
console
manage
management
portal
dashboard
internal
private
secret
secrets
credentials
api
api/v1
api/v2
api/internal
rest
rpc
oauth/token
oauth2/token
login
logout
signin
sso
saml
saml/metadata
auth
auth/login
oidc
jwks
jwks.json
.well-known/jwks.json
users
user
accounts
profile
settings
upload
uploads
files
file
download
downloads
export
import
static
assets
media
public
tmp
temp
cache
logs
log
error_log
access_log
trace.axd
elmah.axd
test
tests
testing
dev
development
staging
stage
demo
sandbox
old
new
bak
backups
archive
.vscode/settings.json
.idea/workspace.xml
package.json
composer.json
composer.lock
yarn.lock
Gemfile
requirements.txt
Dockerfile
docker-compose.yml
Jenkinsfile
.travis.yml
.gitlab-ci.yml
.github/workflows
robots.txt
sitemap.xml
crossdomain.xml
clientaccesspolicy.xml
humans.txt
license.txt
readme.md
CHANGELOG.md
